mode: set
github.com/duducv/go-clean-arch/internal/core/application/dto/error_dto.go:19.16,26.2 1 1
github.com/duducv/go-clean-arch/internal/core/application/usecases/ticket_purchase.go:29.25,38.2 1 1
github.com/duducv/go-clean-arch/internal/core/application/usecases/ticket_purchase.go:43.49,47.16 4 1
github.com/duducv/go-clean-arch/internal/core/application/usecases/ticket_purchase.go:47.16,50.3 2 1
github.com/duducv/go-clean-arch/internal/core/application/usecases/ticket_purchase.go:52.2,53.16 2 1
github.com/duducv/go-clean-arch/internal/core/application/usecases/ticket_purchase.go:53.16,56.3 2 1
github.com/duducv/go-clean-arch/internal/core/application/usecases/ticket_purchase.go:58.2,60.16 3 1
github.com/duducv/go-clean-arch/internal/core/application/usecases/ticket_purchase.go:60.16,63.3 2 1
github.com/duducv/go-clean-arch/internal/core/application/usecases/ticket_purchase.go:65.2,68.16 2 1
github.com/duducv/go-clean-arch/internal/core/application/usecases/ticket_purchase.go:68.16,71.3 2 1
github.com/duducv/go-clean-arch/internal/core/application/usecases/ticket_purchase.go:72.2,80.16 3 1
github.com/duducv/go-clean-arch/internal/core/application/usecases/ticket_purchase.go:80.16,83.3 2 1
github.com/duducv/go-clean-arch/internal/core/application/usecases/ticket_purchase.go:85.2,85.44 1 1
github.com/duducv/go-clean-arch/internal/core/application/usecases/ticket_purchase.go:85.44,87.3 1 1
github.com/duducv/go-clean-arch/internal/core/application/usecases/ticket_purchase.go:87.8,89.3 1 1
github.com/duducv/go-clean-arch/internal/core/application/usecases/ticket_purchase.go:91.2,92.16 2 1
github.com/duducv/go-clean-arch/internal/core/application/usecases/ticket_purchase.go:92.16,95.3 2 1
github.com/duducv/go-clean-arch/internal/core/application/usecases/ticket_purchase.go:97.2,98.16 2 1
github.com/duducv/go-clean-arch/internal/core/application/usecases/ticket_purchase.go:98.16,102.3 3 1
github.com/duducv/go-clean-arch/internal/core/application/usecases/ticket_purchase.go:104.2,109.8 1 1
github.com/duducv/go-clean-arch/internal/core/domain/entity/ticket.go:23.10,30.2 1 1
github.com/duducv/go-clean-arch/internal/core/domain/entity/ticket.go:32.28,34.2 1 1
github.com/duducv/go-clean-arch/internal/core/domain/entity/ticket.go:36.27,38.2 1 1
github.com/duducv/go-clean-arch/internal/core/domain/entity/transaction.go:20.15,29.2 1 1
